../Core/Src/main.cpp:73:6:void HAL_SPI_TxCpltCallback(SPI_HandleTypeDef*)	16	static
../Core/Src/main.cpp:80:6:void OLED_WriteReg(uint8_t)	16	static
../Core/Src/main.cpp:87:6:void OLED_WriteData(uint8_t)	16	static
../Core/Src/main.cpp:94:6:void OLED_WriteDatas(uint8_t*, uint16_t)	16	static
../Core/Src/main.cpp:103:6:void OLED_Reset()	8	static
../Core/Src/main.cpp:110:13:void OLED_Init()	8	static
../Core/Src/main.cpp:180:6:void OLED_SetAddrWindow(uint8_t, uint8_t, uint8_t, uint8_t)	32	static
../Core/Src/main.cpp:202:6:void OLED_DrawImage(uint8_t*)	16	static
../Core/Src/main.cpp:207:6:void OLED_SkipPixel()	16	static
../Core/Src/main.cpp:213:6:void OLED_ClearScreen(uint16_t)	32792	static
../Core/Src/main.cpp:225:6:void gifDrawCallback(GIFDRAW*)	48	static
../Core/Src/main.cpp:266:5:int main()	24144	static
../Core/Src/main.cpp:338:6:void SystemClock_Config()	96	static
../Core/Src/main.cpp:399:13:void MX_SPI1_Init()	8	static
../Core/Src/main.cpp:439:13:void MX_USART2_UART_Init()	8	static
../Core/Src/main.cpp:472:13:void MX_DMA_Init()	16	static
../Core/Src/main.cpp:493:13:void MX_GPIO_Init()	40	static
../Core/Src/main.cpp:536:6:void Error_Handler()	4	static,ignoring_inline_asm
