../Core/Src/main.c:84:23:icm_read	1
../Core/Src/main.c:95:6:check_icm	1
../Core/Src/main.c:104:6:USB_Print	1
../Core/Src/main.c:109:6:HAL_SPI_TxCpltCallback	2
../Core/Src/main.c:116:6:OLED_WriteReg	1
../Core/Src/main.c:123:6:OLED_WriteData	1
../Core/Src/main.c:130:6:OLED_WriteDatas	2
../Core/Src/main.c:139:6:OLED_Reset	1
../Core/Src/main.c:146:13:OLED_Init	1
../Core/Src/main.c:215:6:OLED_SetAddrWindow	1
../Core/Src/main.c:237:6:OLED_DrawImage	1
../Core/Src/main.c:248:5:main	2
../Core/Src/main.c:311:6:SystemClock_Config	4
../Core/Src/main.c:363:13:MX_SPI1_Init	2
../Core/Src/main.c:403:13:MX_TIM1_Init	4
../Core/Src/main.c:448:13:MX_DMA_Init	1
../Core/Src/main.c:469:13:MX_GPIO_Init	1
../Core/Src/main.c:529:6:Error_Handler	1
